00. True Sight				Reveals to the|eye what is hidden.
01. Awaken Stone			Animates stone|beings.
02. Diminish				Spell-caster|temporarily|shrinks.
03. Prismatic Pulse			Fires pulsing|energy blasts.
04. Firewalk				Spell-caster may|walk on|fiery surfaces.
05. Lightning				Shoots lightning|at enemy.
06. Strength Sap			Weakens target|enemy.
07. Pyro Pulse				Combat spell,|also ignites|some objects.
08. Wind Glide				Spell-caster|can float|in air.
09. Shadow Vision			Enables spell-|caster to see|in the dark.
10. Polar Pulse				Combat spell,|also freezes|standing water.
11. Cleanse Evil			Targets demons|and the undead.
12. Affliction				Victim's health|ebbs away.
13. Berserk					Causes victim|to lose his|mind.
14. Create Wizard			Confers magic|powers on|another.
15. Heart of the Rainbow	Pulse from the|true rainbow|power.
16. Impede					Slows enemy's|movements.
17. Magnify Magic			Increases power|of spell-caster's|next spell.
18. Psychic Blast			Saps potency of|multiple enemies.
19. Resistance				Increases spell-|caster's resistance|to magic.
20. Ring of Rime			Icy cold buffets|all nearby|enemies.
21. Universal Smite			Deals modest|damage to all|enemies.
22. Veil					Spell-caster|is hardly seen by|most enemies.
